Microsoft Windows [Version 10.0.22631.4602]
(c) Корпорация Майкрософт (Microsoft Corporation). Все права защищены.

C:\Users\zhuma>cd C:\Users\zhuma\OneDrive\Рабочий стол\PP2 labs\lab1\githowto

C:\Users\zhuma\OneDrive\Рабочий стол\PP2 labs\lab1\githowto>git config --global user.name "dilnaz-zhumagulova"

C:\Users\zhuma\OneDrive\Рабочий стол\PP2 labs\lab1\githowto>git config --global user.email "zhumagulova.d06@gmail.com"

C:\Users\zhuma\OneDrive\Рабочий стол\PP2 labs\lab1\githowto>git config --global init.defaultBranch main

C:\Users\zhuma\OneDrive\Рабочий стол\PP2 labs\lab1\githowto>git config --global core.autocrlf true

C:\Users\zhuma\OneDrive\Рабочий стол\PP2 labs\lab1\githowto>git config --global core.safecrlf warn

C:\Users\zhuma\OneDrive\Рабочий стол\PP2 labs\lab1\githowto>mkdir work

C:\Users\zhuma\OneDrive\Рабочий стол\PP2 labs\lab1\githowto>cd work

C:\Users\zhuma\OneDrive\Рабочий стол\PP2 labs\lab1\githowto\work>echo. > hello.html

C:\Users\zhuma\OneDrive\Рабочий стол\PP2 labs\lab1\githowto\work>notepad hello.html

C:\Users\zhuma\OneDrive\Рабочий стол\PP2 labs\lab1\githowto\work>git init
Initialized empty Git repository in C:/Users/zhuma/OneDrive/Рабочий стол/PP2 labs/lab1/githowto/work/.git/

C:\Users\zhuma\OneDrive\Рабочий стол\PP2 labs\lab1\githowto\work>git add hello.html

C:\Users\zhuma\OneDrive\Рабочий стол\PP2 labs\lab1\githowto\work>git commit -m "Initial Commit"
[main (root-commit) 08afb3a] Initial Commit
 1 file changed, 1 insertion(+)
 create mode 100644 hello.html

C:\Users\zhuma\OneDrive\Рабочий стол\PP2 labs\lab1\githowto\work>git status
On branch main
nothing to commit, working tree clean

C:\Users\zhuma\OneDrive\Рабочий стол\PP2 labs\lab1\githowto\work>git status
On branch main
Changes not staged for commit:
  (use "git add <file>..." to update what will be committed)
  (use "git restore <file>..." to discard changes in working directory)
        modified:   hello.html

no changes added to commit (use "git add" and/or "git commit -a")

C:\Users\zhuma\OneDrive\Рабочий стол\PP2 labs\lab1\githowto\work>git add hello.html

C:\Users\zhuma\OneDrive\Рабочий стол\PP2 labs\lab1\githowto\work>git status
On branch main
Changes to be committed:
  (use "git restore --staged <file>..." to unstage)
        modified:   hello.html


C:\Users\zhuma\OneDrive\Рабочий стол\PP2 labs\lab1\githowto\work>git commit
[main 689542a] Added h1 tag
 1 file changed, 1 insertion(+), 1 deletion(-)

C:\Users\zhuma\OneDrive\Рабочий стол\PP2 labs\lab1\githowto\work>git status
On branch main
nothing to commit, working tree clean

C:\Users\zhuma\OneDrive\Рабочий стол\PP2 labs\lab1\githowto\work>git add hello.html

C:\Users\zhuma\OneDrive\Рабочий стол\PP2 labs\lab1\githowto\work>git status
On branch main
Changes to be committed:
  (use "git restore --staged <file>..." to unstage)
        modified:   hello.html

Changes not staged for commit:
  (use "git add <file>..." to update what will be committed)
  (use "git restore <file>..." to discard changes in working directory)
        modified:   hello.html


C:\Users\zhuma\OneDrive\Рабочий стол\PP2 labs\lab1\githowto\work>git commit -m "Added standard HTML page tags"
[main f5a2bdd] Added standard HTML page tags
 1 file changed, 5 insertions(+), 1 deletion(-)

C:\Users\zhuma\OneDrive\Рабочий стол\PP2 labs\lab1\githowto\work>git status
On branch main
Changes not staged for commit:
  (use "git add <file>..." to update what will be committed)
  (use "git restore <file>..." to discard changes in working directory)
        modified:   hello.html

no changes added to commit (use "git add" and/or "git commit -a")

C:\Users\zhuma\OneDrive\Рабочий стол\PP2 labs\lab1\githowto\work>git add .

C:\Users\zhuma\OneDrive\Рабочий стол\PP2 labs\lab1\githowto\work>git status
On branch main
Changes to be committed:
  (use "git restore --staged <file>..." to unstage)
        modified:   hello.html


C:\Users\zhuma\OneDrive\Рабочий стол\PP2 labs\lab1\githowto\work>git commit -m "Added HTML header"
[main dd93533] Added HTML header
 1 file changed, 2 insertions(+)

C:\Users\zhuma\OneDrive\Рабочий стол\PP2 labs\lab1\githowto\work>git log
commit dd935330c3b9980aca1f205b89529f7fc0303cc0 (HEAD -> main)
Author: dilnaz-zhumagulova <zhumagulova.d06@gmail.com>
Date:   Sat Jan 18 15:44:45 2025 +0500

    Added HTML header

commit f5a2bdd15726b4781be199c5d4b26ead7b1114ed
Author: dilnaz-zhumagulova <zhumagulova.d06@gmail.com>
Date:   Sat Jan 18 15:44:18 2025 +0500

    Added standard HTML page tags

commit 689542a0baba78fc6fd46e59ad8a3d7ecd00dee7
Author: dilnaz-zhumagulova <zhumagulova.d06@gmail.com>
Date:   Sat Jan 18 15:42:44 2025 +0500

    Added h1 tag

commit 08afb3af437331ba0780b1c1c081a545c8bc7ee7
Author: dilnaz-zhumagulova <zhumagulova.d06@gmail.com>
Date:   Sat Jan 18 15:40:58 2025 +0500

    Initial Commit

C:\Users\zhuma\OneDrive\Рабочий стол\PP2 labs\lab1\githowto\work>git log --pretty=oneline
dd935330c3b9980aca1f205b89529f7fc0303cc0 (HEAD -> main) Added HTML header
f5a2bdd15726b4781be199c5d4b26ead7b1114ed Added standard HTML page tags
689542a0baba78fc6fd46e59ad8a3d7ecd00dee7 Added h1 tag
08afb3af437331ba0780b1c1c081a545c8bc7ee7 Initial Commit

C:\Users\zhuma\OneDrive\Рабочий стол\PP2 labs\lab1\githowto\work>git log --oneline --since="5 minutes ago"
dd93533 (HEAD -> main) Added HTML header
f5a2bdd Added standard HTML page tags
689542a Added h1 tag
08afb3a Initial Commit

C:\Users\zhuma\OneDrive\Рабочий стол\PP2 labs\lab1\githowto\work>git log --all --pretty=format:"%h %cd %s (%an)" --since="7 days ago" --author="dilnaz-zhumagulova"
dd93533 Sat Jan 18 15:44:45 2025 +0500 Added HTML header (dilnaz-zhumagulova)
f5a2bdd Sat Jan 18 15:44:18 2025 +0500 Added standard HTML page tags (dilnaz-zhumagulova)
689542a Sat Jan 18 15:42:44 2025 +0500 Added h1 tag (dilnaz-zhumagulova)
08afb3a Sat Jan 18 15:40:58 2025 +0500 Initial Commit (dilnaz-zhumagulova)

C:\Users\zhuma\OneDrive\Рабочий стол\PP2 labs\lab1\githowto\work>git config --global format.pretty '%h %ad | %s%d [%an]'
"%s%d" не является внутренней или внешней
командой, исполняемой программой или пакетным файлом.

C:\Users\zhuma\OneDrive\Рабочий стол\PP2 labs\lab1\githowto\work>git config --global format.pretty '%h %ad | %s%d [%an]'  --author="dilnaz-zhumagulova"
"%s%d" не является внутренней или внешней
командой, исполняемой программой или пакетным файлом.

C:\Users\zhuma\OneDrive\Рабочий стол\PP2 labs\lab1\githowto\work>git log
commit dd935330c3b9980aca1f205b89529f7fc0303cc0 (HEAD -> main)
Author: dilnaz-zhumagulova <zhumagulova.d06@gmail.com>
Date:   Sat Jan 18 15:44:45 2025 +0500

    Added HTML header

commit f5a2bdd15726b4781be199c5d4b26ead7b1114ed
Author: dilnaz-zhumagulova <zhumagulova.d06@gmail.com>
Date:   Sat Jan 18 15:44:18 2025 +0500

    Added standard HTML page tags

commit 689542a0baba78fc6fd46e59ad8a3d7ecd00dee7
Author: dilnaz-zhumagulova <zhumagulova.d06@gmail.com>
Date:   Sat Jan 18 15:42:44 2025 +0500

    Added h1 tag

commit 08afb3af437331ba0780b1c1c081a545c8bc7ee7
Author: dilnaz-zhumagulova <zhumagulova.d06@gmail.com>
Date:   Sat Jan 18 15:40:58 2025 +0500

    Initial Commit

C:\Users\zhuma\OneDrive\Рабочий стол\PP2 labs\lab1\githowto\work>git checkout 08afb3a
Note: switching to '08afb3a'.

You are in 'detached HEAD' state. You can look around, make experimental
changes and commit them, and you can discard any commits you make in this
state without impacting any branches by switching back to a branch.

If you want to create a new branch to retain commits you create, you may
do so (now or later) by using -c with the switch command. Example:

  git switch -c <new-branch-name>

Or undo this operation with:

  git switch -

Turn off this advice by setting config variable advice.detachedHead to false

HEAD is now at 08afb3a Initial Commit

C:\Users\zhuma\OneDrive\Рабочий стол\PP2 labs\lab1\githowto\work>type hello.
html
Hello, World

C:\Users\zhuma\OneDrive\Рабочий стол\PP2 labs\lab1\githowto\work>git switch main
Previous HEAD position was 08afb3a Initial Commit
Switched to branch 'main'

C:\Users\zhuma\OneDrive\Рабочий стол\PP2 labs\lab1\githowto\work>type hello.
html
<html>
  <head>
  </head>
  <body>
    <h1>Hello, World!</h1>
  </body>
</html>
C:\Users\zhuma\OneDrive\Рабочий стол\PP2 labs\lab1\githowto\work>git tag v1

C:\Users\zhuma\OneDrive\Рабочий стол\PP2 labs\lab1\githowto\work>git log
commit dd935330c3b9980aca1f205b89529f7fc0303cc0 (HEAD -> main, tag: v1)
Author: dilnaz-zhumagulova <zhumagulova.d06@gmail.com>
Date:   Sat Jan 18 15:44:45 2025 +0500

    Added HTML header

commit f5a2bdd15726b4781be199c5d4b26ead7b1114ed
Author: dilnaz-zhumagulova <zhumagulova.d06@gmail.com>
Date:   Sat Jan 18 15:44:18 2025 +0500

    Added standard HTML page tags

commit 689542a0baba78fc6fd46e59ad8a3d7ecd00dee7
Author: dilnaz-zhumagulova <zhumagulova.d06@gmail.com>
Date:   Sat Jan 18 15:42:44 2025 +0500

    Added h1 tag

commit 08afb3af437331ba0780b1c1c081a545c8bc7ee7
Author: dilnaz-zhumagulova <zhumagulova.d06@gmail.com>
Date:   Sat Jan 18 15:40:58 2025 +0500

    Initial Commit

C:\Users\zhuma\OneDrive\Рабочий стол\PP2 labs\lab1\githowto\work>git checkout v1^
Продолжить? да
error: pathspec 'v1да' did not match any file(s) known to git

C:\Users\zhuma\OneDrive\Рабочий стол\PP2 labs\lab1\githowto\work>git checkout v1~1
Note: switching to 'v1~1'.

You are in 'detached HEAD' state. You can look around, make experimental
changes and commit them, and you can discard any commits you make in this
state without impacting any branches by switching back to a branch.

If you want to create a new branch to retain commits you create, you may
do so (now or later) by using -c with the switch command. Example:

  git switch -c <new-branch-name>

Or undo this operation with:

  git switch -

Turn off this advice by setting config variable advice.detachedHead to false

HEAD is now at f5a2bdd Added standard HTML page tags

C:\Users\zhuma\OneDrive\Рабочий стол\PP2 labs\lab1\githowto\work>type hello.
html
<html>
  <body>
    <h1>Hello, World!</h1>
  </body>
</html>
C:\Users\zhuma\OneDrive\Рабочий стол\PP2 labs\lab1\githowto\work>git tag v1-beta

C:\Users\zhuma\OneDrive\Рабочий стол\PP2 labs\lab1\githowto\work>git log
commit f5a2bdd15726b4781be199c5d4b26ead7b1114ed (HEAD, tag: v1-beta)
Author: dilnaz-zhumagulova <zhumagulova.d06@gmail.com>
Date:   Sat Jan 18 15:44:18 2025 +0500

    Added standard HTML page tags

commit 689542a0baba78fc6fd46e59ad8a3d7ecd00dee7
Author: dilnaz-zhumagulova <zhumagulova.d06@gmail.com>
Date:   Sat Jan 18 15:42:44 2025 +0500

    Added h1 tag

commit 08afb3af437331ba0780b1c1c081a545c8bc7ee7
Author: dilnaz-zhumagulova <zhumagulova.d06@gmail.com>
Date:   Sat Jan 18 15:40:58 2025 +0500

    Initial Commit

C:\Users\zhuma\OneDrive\Рабочий стол\PP2 labs\lab1\githowto\work>git checkout v1
Previous HEAD position was f5a2bdd Added standard HTML page tags
HEAD is now at dd93533 Added HTML header

C:\Users\zhuma\OneDrive\Рабочий стол\PP2 labs\lab1\githowto\work>git checkout v1-beta
Previous HEAD position was dd93533 Added HTML header
HEAD is now at f5a2bdd Added standard HTML page tags

C:\Users\zhuma\OneDrive\Рабочий стол\PP2 labs\lab1\githowto\work>git tag
v1
v1-beta

C:\Users\zhuma\OneDrive\Рабочий стол\PP2 labs\lab1\githowto\work>git log main --all
commit dd935330c3b9980aca1f205b89529f7fc0303cc0 (tag: v1, main)
Author: dilnaz-zhumagulova <zhumagulova.d06@gmail.com>
Date:   Sat Jan 18 15:44:45 2025 +0500

    Added HTML header

commit f5a2bdd15726b4781be199c5d4b26ead7b1114ed (HEAD, tag: v1-beta)
Author: dilnaz-zhumagulova <zhumagulova.d06@gmail.com>
Date:   Sat Jan 18 15:44:18 2025 +0500

    Added standard HTML page tags

commit 689542a0baba78fc6fd46e59ad8a3d7ecd00dee7
Author: dilnaz-zhumagulova <zhumagulova.d06@gmail.com>
Date:   Sat Jan 18 15:42:44 2025 +0500

    Added h1 tag

commit 08afb3af437331ba0780b1c1c081a545c8bc7ee7
Author: dilnaz-zhumagulova <zhumagulova.d06@gmail.com>
Date:   Sat Jan 18 15:40:58 2025 +0500

    Initial Commit

C:\Users\zhuma\OneDrive\Рабочий стол\PP2 labs\lab1\githowto\work>git switch main
Previous HEAD position was f5a2bdd Added standard HTML page tags
Switched to branch 'main'

C:\Users\zhuma\OneDrive\Рабочий стол\PP2 labs\lab1\githowto\work>git status
On branch main
Changes not staged for commit:
  (use "git add <file>..." to update what will be committed)
  (use "git restore <file>..." to discard changes in working directory)
        modified:   hello.html

no changes added to commit (use "git add" and/or "git commit -a")

C:\Users\zhuma\OneDrive\Рабочий стол\PP2 labs\lab1\githowto\work>git restore hello.html

C:\Users\zhuma\OneDrive\Рабочий стол\PP2 labs\lab1\githowto\work>git status
On branch main
nothing to commit, working tree clean

C:\Users\zhuma\OneDrive\Рабочий стол\PP2 labs\lab1\githowto\work>type hello.
html
<html>
  <head>
  </head>
  <body>
    <h1>Hello, World!</h1>
  </body>
</html>
C:\Users\zhuma\OneDrive\Рабочий стол\PP2 labs\lab1\githowto\work>git add hello.html

C:\Users\zhuma\OneDrive\Рабочий стол\PP2 labs\lab1\githowto\work>git status
On branch main
Changes to be committed:
  (use "git restore --staged <file>..." to unstage)
        modified:   hello.html


C:\Users\zhuma\OneDrive\Рабочий стол\PP2 labs\lab1\githowto\work>git restore --staged hello.htm
error: pathspec 'hello.htm' did not match any file(s) known to git

C:\Users\zhuma\OneDrive\Рабочий стол\PP2 labs\lab1\githowto\work>git restore --staged hello.html

C:\Users\zhuma\OneDrive\Рабочий стол\PP2 labs\lab1\githowto\work>git restore hello.html

C:\Users\zhuma\OneDrive\Рабочий стол\PP2 labs\lab1\githowto\work>git status
On branch main
nothing to commit, working tree clean